A51 MACRO ASSEMBLER  TASK_1                                                               04/02/2021 23:09:27 PAGE     1


MACRO ASSEMBLER A51 V8.2.7.0
OBJECT MODULE PLACED IN .\Objects\Task_1.obj
ASSEMBLER INVOKED BY: C:\Keil_v5\C51\BIN\A51.EXE Task_1.a51 SET(SMALL) DEBUG PRINT(.\Listings\Task_1.lst) OBJECT(.\Objec
                      ts\Task_1.obj) EP

LOC  OBJ            LINE     SOURCE

0000                   1     ORG 000H
0000 E521              2     MOV A,21H
0002 F8                3     MOV R0,A
0003 E522              4     MOV A,22H
0005 58                5     ANL A,R0
0006 F530              6     MOV 30H,A
                       7     
0008 E521              8     MOV A,21H
000A F9                9     MOV R1,A
000B E522             10     MOV A,22H
000D 49               11     ORL A,R1
000E F531             12     MOV 31H,A
                      13     
0010 E521             14     MOV A,21H
0012 FA               15     MOV R2,A
0013 E522             16     MOV A,22H
0015 6A               17     XRL A,R2
0016 F532             18     MOV 32H,A
                      19     END ;Deeptimaan Banerjee
A51 MACRO ASSEMBLER  TASK_1                                                               04/02/2021 23:09:27 PAGE     2

SYMBOL TABLE LISTING
------ ----- -------


N A M E             T Y P E  V A L U E   ATTRIBUTES



REGISTER BANK(S) USED: 0 


ASSEMBLY COMPLETE.  0 WARNING(S), 0 ERROR(S)
