A51 MACRO ASSEMBLER  TASK_1                                                               04/03/2021 22:46:58 PAGE     1


MACRO ASSEMBLER A51 V8.2.7.0
OBJECT MODULE PLACED IN .\Objects\Task_1.obj
ASSEMBLER INVOKED BY: C:\Keil_v5\C51\BIN\A51.EXE Task_1.a51 SET(SMALL) DEBUG PRINT(.\Listings\Task_1.lst) OBJECT(.\Objec
                      ts\Task_1.obj) EP

LOC  OBJ            LINE     SOURCE

0000                   1     ORG 0000H
0000 758920            2             MOV TMOD,#20H
0003 758DFD            3             MOV TH1,#0FDH
0006 759850            4             MOV SCON,#50H
0009 D28E              5             SETB TR1
000B 7456              6             AGAIN:MOV A,#'V'
000D 111D              7             ACALL TRANS
000F 7449              8             MOV A,#'I'
0011 111D              9             ACALL TRANS
0013 7454             10             MOV A,#'T'
0015 111D             11             ACALL TRANS
0017 7420             12             MOV A,#' '
0019 111D             13             ACALL TRANS
001B 80EE             14             SJMP AGAIN
001D F599             15             TRANS:MOV SBUF,A
001F 3099FD           16             HERE:JNB TI,HERE
0022 C299             17             CLR TI
0024 22               18             RET
                      19             END ;Deeptimaan Banerjee
A51 MACRO ASSEMBLER  TASK_1                                                               04/03/2021 22:46:58 PAGE     2

SYMBOL TABLE LISTING
------ ----- -------


N A M E             T Y P E  V A L U E   ATTRIBUTES

AGAIN. . . . . . .  C ADDR   000BH   A   
HERE . . . . . . .  C ADDR   001FH   A   
SBUF . . . . . . .  D ADDR   0099H   A   
SCON . . . . . . .  D ADDR   0098H   A   
TH1. . . . . . . .  D ADDR   008DH   A   
TI . . . . . . . .  B ADDR   0098H.1 A   
TMOD . . . . . . .  D ADDR   0089H   A   
TR1. . . . . . . .  B ADDR   0088H.6 A   
TRANS. . . . . . .  C ADDR   001DH   A   


REGISTER BANK(S) USED: 0 


ASSEMBLY COMPLETE.  0 WARNING(S), 0 ERROR(S)
