A51 MACRO ASSEMBLER  TASK_2                                                               04/03/2021 21:57:24 PAGE     1


MACRO ASSEMBLER A51 V8.2.7.0
OBJECT MODULE PLACED IN .\Objects\Task_2.obj
ASSEMBLER INVOKED BY: C:\Keil_v5\C51\BIN\A51.EXE Task_2.a51 SET(SMALL) DEBUG PRINT(.\Listings\Task_2.lst) OBJECT(.\Objec
                      ts\Task_2.obj) EP

LOC  OBJ            LINE     SOURCE

0000                   1     ORG 0000H
0000 758910            2             MOV TMOD,#10H
0003 7815              3             REPEAT:MOV R0,#21
0005 B297              4             CPL P1.7
0007 758B00            5             BACK:MOV TL1,#00H
000A 758D00            6             MOV TH1,#00H
000D D28E              7             SETB TR1
000F 308FFD            8             AGAIN:JNB TF1,AGAIN
0012 C28E              9             CLR TR1
0014 C28F             10             CLR TF1
0016 D8EF             11             DJNZ R0,BACK
0018 80E9             12             SJMP REPEAT
                      13             END ;Deeptimaan Banerjee
A51 MACRO ASSEMBLER  TASK_2                                                               04/03/2021 21:57:24 PAGE     2

SYMBOL TABLE LISTING
------ ----- -------


N A M E             T Y P E  V A L U E   ATTRIBUTES

AGAIN. . . . . . .  C ADDR   000FH   A   
BACK . . . . . . .  C ADDR   0007H   A   
P1 . . . . . . . .  D ADDR   0090H   A   
REPEAT . . . . . .  C ADDR   0003H   A   
TF1. . . . . . . .  B ADDR   0088H.7 A   
TH1. . . . . . . .  D ADDR   008DH   A   
TL1. . . . . . . .  D ADDR   008BH   A   
TMOD . . . . . . .  D ADDR   0089H   A   
TR1. . . . . . . .  B ADDR   0088H.6 A   


REGISTER BANK(S) USED: 0 


ASSEMBLY COMPLETE.  0 WARNING(S), 0 ERROR(S)
