A51 MACRO ASSEMBLER  C_TASK_1                                                             04/03/2021 23:22:54 PAGE     1


MACRO ASSEMBLER A51 V8.2.7.0
OBJECT MODULE PLACED IN .\Objects\C_Task_1.obj
ASSEMBLER INVOKED BY: C:\Keil_v5\C51\BIN\A51.EXE C_Task_1.a51 SET(SMALL) DEBUG PRINT(.\Listings\C_Task_1.lst) OBJECT(.\O
                      bjects\C_Task_1.obj) EP

LOC  OBJ            LINE     SOURCE

0000                   1     ORG 0000H
0000 7590FF            2             MOV P1,#0FFH
0003 758920            3             MOV TMOD,#20H
0006 758DFD            4             MOV TH1,#0FDH
0009 759850            5             MOV SCON,#50H
000C D28E              6             SETB TR1
000E A293              7             AGAIN: MOV C,P1.3 
0010 501A              8             JNC LOW1 
0012 7448              9             MOV A,#'H' 
0014 1137             10             ACALL TRANS
0016 7445             11             MOV A,#'E'
0018 1137             12             ACALL TRANS
001A 744C             13             MOV A,#'L'
001C 1137             14             ACALL TRANS
001E 744C             15             MOV A,#'L'
0020 1137             16             ACALL TRANS
0022 744F             17             MOV A,#'O'
0024 1137             18             ACALL TRANS
0026 7420             19             MOV A,#' '
0028 1137             20             ACALL TRANS
002A 80E2             21             SJMP AGAIN 
002C 3098FD           22             LOW1: JNB RI,LOW1
002F E599             23             MOV A,SBUF
0031 F5A0             24             MOV P2,A
0033 C298             25             CLR RI
0035 80D7             26             SJMP AGAIN 
0037 F599             27             TRANS: MOV SBUF,A
0039 3099FD           28             HERE:JNB TI,HERE
003C C299             29             CLR TI
003E 22               30             RET
                      31             END ;Deeptimaan Banerjee
A51 MACRO ASSEMBLER  C_TASK_1                                                             04/03/2021 23:22:54 PAGE     2

SYMBOL TABLE LISTING
------ ----- -------


N A M E             T Y P E  V A L U E   ATTRIBUTES

AGAIN. . . . . . .  C ADDR   000EH   A   
HERE . . . . . . .  C ADDR   0039H   A   
LOW1 . . . . . . .  C ADDR   002CH   A   
P1 . . . . . . . .  D ADDR   0090H   A   
P2 . . . . . . . .  D ADDR   00A0H   A   
RI . . . . . . . .  B ADDR   0098H.0 A   
SBUF . . . . . . .  D ADDR   0099H   A   
SCON . . . . . . .  D ADDR   0098H   A   
TH1. . . . . . . .  D ADDR   008DH   A   
TI . . . . . . . .  B ADDR   0098H.1 A   
TMOD . . . . . . .  D ADDR   0089H   A   
TR1. . . . . . . .  B ADDR   0088H.6 A   
TRANS. . . . . . .  C ADDR   0037H   A   


REGISTER BANK(S) USED: 0 


ASSEMBLY COMPLETE.  0 WARNING(S), 0 ERROR(S)
