A51 MACRO ASSEMBLER  C_TASK_1                                                             04/03/2021 22:09:20 PAGE     1


MACRO ASSEMBLER A51 V8.2.7.0
OBJECT MODULE PLACED IN .\Objects\C_Task_1.obj
ASSEMBLER INVOKED BY: C:\Keil_v5\C51\BIN\A51.EXE C_Task_1.a51 SET(SMALL) DEBUG PRINT(.\Listings\C_Task_1.lst) OBJECT(.\O
                      bjects\C_Task_1.obj) EP

LOC  OBJ            LINE     SOURCE

0000                   1     ORG 0000H
0000 758901            2             MOV TMOD,#01H
0003 758AD1            3             BACK: MOV TL0,#0D1H
0006 758CFF            4             MOV TH0,#0FFH
0009 D28C              5             SETB TR0        
000B 308DFD            6             AGAIN: JNB TF0, AGAIN
000E C28C              7             CLR TR0
0010 B2A7              8             CPL P2.7
0012 C28D              9             CLR TF0
0014 80ED             10             SJMP BACK ;Deeptimaan Banerjee
*** WARNING #A41 IN 10 (C_Task_1.a51, LINE 10): MISSING 'END' STATEMENT
A51 MACRO ASSEMBLER  C_TASK_1                                                             04/03/2021 22:09:20 PAGE     2

SYMBOL TABLE LISTING
------ ----- -------


N A M E             T Y P E  V A L U E   ATTRIBUTES

AGAIN. . . . . . .  C ADDR   000BH   A   
BACK . . . . . . .  C ADDR   0003H   A   
P2 . . . . . . . .  D ADDR   00A0H   A   
TF0. . . . . . . .  B ADDR   0088H.5 A   
TH0. . . . . . . .  D ADDR   008CH   A   
TL0. . . . . . . .  D ADDR   008AH   A   
TMOD . . . . . . .  D ADDR   0089H   A   
TR0. . . . . . . .  B ADDR   0088H.4 A   


REGISTER BANK(S) USED: 0 


ASSEMBLY COMPLETE.  1 WARNING(S), 0 ERROR(S)
