A51 MACRO ASSEMBLER  TASK_3                                                               04/03/2021 19:51:32 PAGE     1


MACRO ASSEMBLER A51 V8.2.7.0
OBJECT MODULE PLACED IN .\Objects\Task_3.obj
ASSEMBLER INVOKED BY: C:\Keil_v5\C51\BIN\A51.EXE Task_3.a51 SET(SMALL) DEBUG PRINT(.\Listings\Task_3.lst) OBJECT(.\Objec
                      ts\Task_3.obj) EP

LOC  OBJ            LINE     SOURCE

0000                   1     ORG 0000H
0000 D281              2         SETB P0.1
0002 7590FF            3         MOV P1,#0FFH
0005 3081FD            4         AGAIN1: JNB P0.1,AGAIN1
0008 E590              5         MOV A,P1
000A C282              6         CLR P0.2
000C 1110              7         ACALL DELAY
000E D282              8         SETB P0.2
0010 7AC8              9         DELAY: MOV R2,#200
0012 7BFA             10         AGAIN: MOV R3, #250
0014 00               11         HERE: NOP
0015 00               12               NOP
0016 DBFC             13               DJNZ R3,HERE
0018 DAF8             14               DJNZ R2,AGAIN
001A 22               15               RET
                      16     END ;Deeptimaan Banerjee
A51 MACRO ASSEMBLER  TASK_3                                                               04/03/2021 19:51:32 PAGE     2

SYMBOL TABLE LISTING
------ ----- -------


N A M E             T Y P E  V A L U E   ATTRIBUTES

AGAIN. . . . . . .  C ADDR   0012H   A   
AGAIN1 . . . . . .  C ADDR   0005H   A   
DELAY. . . . . . .  C ADDR   0010H   A   
HERE . . . . . . .  C ADDR   0014H   A   
P0 . . . . . . . .  D ADDR   0080H   A   
P1 . . . . . . . .  D ADDR   0090H   A   


REGISTER BANK(S) USED: 0 


ASSEMBLY COMPLETE.  0 WARNING(S), 0 ERROR(S)
