A51 MACRO ASSEMBLER  C_TASK_2                                                             04/03/2021 20:05:58 PAGE     1


MACRO ASSEMBLER A51 V8.2.7.0
OBJECT MODULE PLACED IN .\Objects\C_Task_2.obj
ASSEMBLER INVOKED BY: C:\Keil_v5\C51\BIN\A51.EXE C_Task_2.a51 SET(SMALL) DEBUG PRINT(.\Listings\C_Task_2.lst) OBJECT(.\O
                      bjects\C_Task_2.obj) EP

LOC  OBJ            LINE     SOURCE

0000                   1     ORG 0000H
0000 759000            2             MOV P1,#00H 
0003 D293              3             BACK: SETB P1.3
0005 1111              4             ACALL DELAY
0007 1111              5             ACALL DELAY
0009 1111              6             ACALL DELAY
000B C293              7             CLR P1.3 
000D 1111              8             ACALL DELAY
000F 80F2              9             SJMP BACK
0011 7A04             10             DELAY: MOV R2,#04H
0013 79FF             11             HERE3:MOV R1,#0FFH
0015 78FF             12             HERE2:MOV R0,#0FFH
0017 D8FE             13             HERE1: DJNZ R0,HERE1
0019 D9FA             14             DJNZ R1,HERE2
001B DAF6             15             DJNZ R2,HERE3
001D 22               16             RET
                      17             END ;Deeptimaan Banerjee
A51 MACRO ASSEMBLER  C_TASK_2                                                             04/03/2021 20:05:58 PAGE     2

SYMBOL TABLE LISTING
------ ----- -------


N A M E             T Y P E  V A L U E   ATTRIBUTES

BACK . . . . . . .  C ADDR   0003H   A   
DELAY. . . . . . .  C ADDR   0011H   A   
HERE1. . . . . . .  C ADDR   0017H   A   
HERE2. . . . . . .  C ADDR   0015H   A   
HERE3. . . . . . .  C ADDR   0013H   A   
P1 . . . . . . . .  D ADDR   0090H   A   


REGISTER BANK(S) USED: 0 


ASSEMBLY COMPLETE.  0 WARNING(S), 0 ERROR(S)
