A51 MACRO ASSEMBLER  C_TASK_3                                                             04/03/2021 20:35:31 PAGE     1


MACRO ASSEMBLER A51 V8.2.7.0
OBJECT MODULE PLACED IN .\Objects\C_Task_3.obj
ASSEMBLER INVOKED BY: C:\Keil_v5\C51\BIN\A51.EXE C_Task_3.a51 SET(SMALL) DEBUG PRINT(.\Listings\C_Task_3.lst) OBJECT(.\O
                      bjects\C_Task_3.obj) EP

LOC  OBJ            LINE     SOURCE

0000                   1     ORG 0000H
0000 7580FF            2             MOV P0,#0FFH
0003 759000            3             MOV P1,#00H
0006 A281              4             BACK:MOV C,P0.1 
0008 5002              5             JNC OFF 
000A D297              6             SETB P1.7
000C 80F8              7             OFF:SJMP BACK   
                       8             END ;Deeptimaan Banerjee
A51 MACRO ASSEMBLER  C_TASK_3                                                             04/03/2021 20:35:31 PAGE     2

SYMBOL TABLE LISTING
------ ----- -------


N A M E             T Y P E  V A L U E   ATTRIBUTES

BACK . . . . . . .  C ADDR   0006H   A   
OFF. . . . . . . .  C ADDR   000CH   A   
P0 . . . . . . . .  D ADDR   0080H   A   
P1 . . . . . . . .  D ADDR   0090H   A   


REGISTER BANK(S) USED: 0 


ASSEMBLY COMPLETE.  0 WARNING(S), 0 ERROR(S)
