A51 MACRO ASSEMBLER  TASK_3                                                               04/03/2021 21:16:54 PAGE     1


MACRO ASSEMBLER A51 V8.2.7.0
OBJECT MODULE PLACED IN .\Objects\Task_3.obj
ASSEMBLER INVOKED BY: C:\Keil_v5\C51\BIN\A51.EXE Task_3.a51 SET(SMALL) DEBUG PRINT(.\Listings\Task_3.lst) OBJECT(.\Objec
                      ts\Task_3.obj) EP

LOC  OBJ            LINE     SOURCE

0000                   1     ORG 0000H
0000 E580              2                 MOV A,P0
0002 759000            3                 MOV P1,#00H
0005 D290              4                 SETB P1.0
0007 C290              5                 CLR P1.0
0009 7D08              6                 MOV R5,#8
000B 13                7                 HERE:RRC A
000C 9290              8                 MOV P1.0,C
000E 1114              9                 ACALL DELAY
0010 DDF9             10                 DJNZ R5,HERE
0012 8011             11                 SJMP EXIT
0014 7A04             12                  DELAY:  MOV R2,#04H
0016 79FF             13         HERE3:  MOV R1,#0FFH
0018 78FF             14         HERE2:  MOV R0,#0FFH
001A D8FE             15         HERE1:  DJNZ R0,HERE1
001C D9FA             16                 DJNZ R1,HERE2
001E DAF6             17                 DJNZ R2,HERE3
0020 22               18                 RET
0021 D290             19                 SETB P1.0
0023 C290             20                 CLR P1.0
0025 00               21                 EXIT: NOP
                      22                 END ;Deeptimaan Banerjee
A51 MACRO ASSEMBLER  TASK_3                                                               04/03/2021 21:16:54 PAGE     2

SYMBOL TABLE LISTING
------ ----- -------


N A M E             T Y P E  V A L U E   ATTRIBUTES

DELAY. . . . . . .  C ADDR   0014H   A   
EXIT . . . . . . .  C ADDR   0025H   A   
HERE . . . . . . .  C ADDR   000BH   A   
HERE1. . . . . . .  C ADDR   001AH   A   
HERE2. . . . . . .  C ADDR   0018H   A   
HERE3. . . . . . .  C ADDR   0016H   A   
P0 . . . . . . . .  D ADDR   0080H   A   
P1 . . . . . . . .  D ADDR   0090H   A   


REGISTER BANK(S) USED: 0 


ASSEMBLY COMPLETE.  0 WARNING(S), 0 ERROR(S)
