A51 MACRO ASSEMBLER  C_TASK_2                                                             04/03/2021 22:17:03 PAGE     1


MACRO ASSEMBLER A51 V8.2.7.0
OBJECT MODULE PLACED IN .\Objects\C_Task_2.obj
ASSEMBLER INVOKED BY: C:\Keil_v5\C51\BIN\A51.EXE C_Task_2.a51 SET(SMALL) DEBUG PRINT(.\Listings\C_Task_2.lst) OBJECT(.\O
                      bjects\C_Task_2.obj) EP

LOC  OBJ            LINE     SOURCE

0000                   1     ORG 0000H
0000 758910            2         REPEAT: MOV TMOD,#10H
0003 7804              3             MOV R0,#4
0005 758B00            4         BACK:MOV TL1,#00H
0008 758D00            5         MOV TH1,#00H
000B C297              6             CLR P1.7
000D D28E              7         SETB TR1
000F 308FFD            8     AGAIN:JNB TF1,AGAIN
0012 C28E              9         CLR TR1
0014 C28F             10         CLR TF1
0016 D8ED             11         DJNZ R0,BACK
0018 758901           12             MOV TMOD,#01H
001B 790B             13             MOV R1,#11
001D 758A00           14         BACK1:MOV TL0,#00H
0020 758C00           15         MOV TH0,#00H
0023 D297             16             SETB P1.7
0025 D28C             17         SETB TR0
0027 308DFD           18         AGAIN1:JNB TF0,AGAIN1
002A C28C             19         CLR TR0
002C C28D             20         CLR TF0
002E D9ED             21         DJNZ R1,BACK1
0030 80CE             22         SJMP REPEAT
                      23         END ;Deeptimaan Banerjee
A51 MACRO ASSEMBLER  C_TASK_2                                                             04/03/2021 22:17:03 PAGE     2

SYMBOL TABLE LISTING
------ ----- -------


N A M E             T Y P E  V A L U E   ATTRIBUTES

AGAIN. . . . . . .  C ADDR   000FH   A   
AGAIN1 . . . . . .  C ADDR   0027H   A   
BACK . . . . . . .  C ADDR   0005H   A   
BACK1. . . . . . .  C ADDR   001DH   A   
P1 . . . . . . . .  D ADDR   0090H   A   
REPEAT . . . . . .  C ADDR   0000H   A   
TF0. . . . . . . .  B ADDR   0088H.5 A   
TF1. . . . . . . .  B ADDR   0088H.7 A   
TH0. . . . . . . .  D ADDR   008CH   A   
TH1. . . . . . . .  D ADDR   008DH   A   
TL0. . . . . . . .  D ADDR   008AH   A   
TL1. . . . . . . .  D ADDR   008BH   A   
TMOD . . . . . . .  D ADDR   0089H   A   
TR0. . . . . . . .  B ADDR   0088H.4 A   
TR1. . . . . . . .  B ADDR   0088H.6 A   


REGISTER BANK(S) USED: 0 


ASSEMBLY COMPLETE.  0 WARNING(S), 0 ERROR(S)
